%PRE1
S/YEAR/S/MONTH/S/DAY/至|到|～|-|－/S/MONTH/S/*DAY=N1 N2 N3 N4 N5 N6 N7 N1 N2 N8 N9 N10 N11

%GENERAL
S/*S=@[S]
S/YEAR/S/MONTH/S/*DAY=@[DATE]
S/MONTH/S/*DAY=@[DATE]
S/YEAR/S/*MONTH=@[DATE+MONTH]
S/*YEAR=@[YEAR]
(XS)/*XS/CH|NIL/(NIL)=@[XM]

%COMPANY
<!O5>/CABBR|COUNTRY|PROVINCE|CITY|COUNTY/UK&!O&!C&!F&!P&!ALNUM&!ORG&!V5BD|O5/UK&!O&!C&!F&!P&!ALNUM&!ORG&!V5BD|O5/UK&!O&!C&!F&!P&!ALNUM&!ORG&!V5BD|O5/UK&!O&!C&!F&!P&!ALNUM&!ORG&!V5BD|O5/UK&!O&!C&!F&!P&!ALNUM&!ORG&!V5BD|O5/UK&!O&!C&!F&!P&!ALNUM&!ORG&!V5BD|O5/UK&!O&!C&!F&!P&!ALNUM&!ORG&!V5BD|O5/UK&!O&!CABBR|O5/*ORG&Zn/<!O5>=@[N10+COMP]
<!O5>/CABBR|COUNTRY|PROVINCE|CITY|COUNTY/UK&!O&!C&!F&!P&!ALNUM&!ORG&!V5BD|O5/UK&!O&!C&!F&!P&!ALNUM&!ORG&!V5BD|O5/UK&!O&!C&!F&!P&!ALNUM&!ORG&!V5BD|O5/UK&!O&!C&!F&!P&!ALNUM&!ORG&!V5BD|O5/UK&!O&!C&!F&!P&!ALNUM&!ORG&!V5BD|O5/UK&!O&!C&!F&!P&!ALNUM&!ORG&!V5BD|O5/UK&!O&!CABBR|O5/*ORG&Zn/<!O5>=@[N9+COMP]
<!O5>/CABBR|COUNTRY|PROVINCE|CITY|COUNTY/UK&!O&!C&!F&!P&!ALNUM&!ORG&!V5BD|O5/UK&!O&!C&!F&!P&!ALNUM&!ORG&!V5BD|O5/UK&!O&!C&!F&!P&!ALNUM&!ORG&!V5BD|O5/UK&!O&!C&!F&!P&!ALNUM&!ORG&!V5BD|O5/UK&!O&!C&!F&!P&!ALNUM&!ORG&!V5BD|O5/UK&!O&!CABBR|O5/*ORG&Zn/<!O5>=@[N8+COMP]
<!O5>/CABBR|COUNTRY|PROVINCE|CITY|COUNTY/UK&!O&!C&!F&!P&!ALNUM&!ORG&!V5BD|O5/UK&!O&!C&!F&!P&!ALNUM&!ORG&!V5BD|O5/UK&!O&!C&!F&!P&!ALNUM&!ORG&!V5BD|O5/UK&!O&!C&!F&!P&!ALNUM&!ORG&!V5BD|O5/UK&!O&!ALNUM&!ORG/*ORG&Zn/<!O5>=@[N7+COMP]
<!O5>/CABBR|COUNTRY|PROVINCE|CITY|COUNTY/UK&!O&!C&!F&!P&!ALNUM&!ORG&!V5BD|O5/UK&!O&!C&!F&!P&!ALNUM&!ORG&!V5BD|O5/UK&!O&!C&!F&!P&!ALNUM&!ORG&!V5BD|O5/UK&!O&!C&!F&!P&!ALNUM&!ORG&!V5BD|O5/*ORG&Zn/<!O5>=@[N6+COMP]
<!O5>/CABBR|COUNTRY|PROVINCE|CITY|COUNTY/UK&!O&!C&!F&!P&!ALNUM&!ORG&!V5BD|O5/UK&!O&!C&!F&!P&!ALNUM&!ORG&!V5BD|O5/UK&!O&!C&!F&!P&!ALNUM&!ORG&!V5BD|O5/*ORG&Zn/<!O5>=@[N5+COMP]
<!O5>/CABBR|COUNTRY|PROVINCE|CITY|COUNTY/UK&!O&!C&!F&!P&!ALNUM&!ORG&!V5BD|O5/UK&!O&!C&!F&!P&!ALNUM&!ORG&!V5BD|O5/*ORG&Zn/<!O5>=@[N4+COMP]
<!O5>/CABBR|COUNTRY|PROVINCE|CITY|COUNTY/UK&!O&!C&!F&!P&!ALNUM&!ORG&!V5BD|O5/*ORG&Zn/<!O5>=@[N3+COMP]
<!O5>/CABBR|COUNTRY|PROVINCE|CITY|COUNTY/*ORG&Zn/<!O5>=@N[N2+COMP]
<OWNER|BUYER|AGENT|BUILDER|PROJECTOR|WINNER>/<O2>/UK&!O&!ALNUM/UK&!O&!C|O5/UK&!O&!C|O5/UK&!O&!C|O5/UK&!O&!C|O5/UK&!O&!C|O5/UK&!O&!C|O5/UK&!O&!C|O5/UK&!O&!C|O5/*ORG&Zn/<!O5>=@[N10+COMP]
<OWNER|BUYER|AGENT|BUILDER|PROJECTOR|WINNER>/<O2>/UK&!O&!ALNUM/UK&!O&!C|O5/UK&!O&!C|O5/UK&!O&!C|O5/UK&!O&!C|O5/UK&!O&!C|O5/UK&!O&!C|O5/UK&!O&!C|O5/*ORG&Zn/<!O5>=@[N9+COMP]
<OWNER|BUYER|AGENT|BUILDER|PROJECTOR|WINNER>/<O2>/UK&!O&!ALNUM/UK&!O&!C|O5/UK&!O&!C|O5/UK&!O&!C|O5/UK&!O&!C|O5/UK&!O&!C|O5/UK&!O&!C|O5/*ORG&Zn/<!O5>=@[N8+COMP]
<OWNER|BUYER|AGENT|BUILDER|PROJECTOR|WINNER>/<O2>/UK&!O&!ALNUM/UK&!O&!C|O5/UK&!O&!C|O5/UK&!O&!C|O5/UK&!O&!C|O5/UK&!O&!C|O5/*ORG&Zn/<!O5>=@[N7+COMP]
<OWNER|BUYER|AGENT|BUILDER|PROJECTOR|WINNER>/<O2>/UK&!O&!ALNUM/UK&!O&!C|O5/UK&!O&!C|O5/UK&!O&!C|O5/UK&!O&!C|O5/*ORG&Zn/<!O5>=@[N6+COMP]
<OWNER|BUYER|AGENT|BUILDER|PROJECTOR|WINNER>/<O2>/UK&!O&!ALNUM/UK&!O&!C|O5/UK&!O&!C|O5/UK&!O&!C|O5/*ORG&Zn/<!O5>=@[N5+COMP]
<OWNER|BUYER|AGENT|BUILDER|PROJECTOR|WINNER>/<O2>/UK&!O&!ALNUM/UK&!O&!C|O5/UK&!O&!C|O5/*ORG&Zn/<!O5>=@[N4+COMP]
<OWNER|BUYER|AGENT|BUILDER|PROJECTOR|WINNER>/<O2>/UK&!O&!ALNUM/UK&!O&!C|O5/*ORG&Zn/<!O5>=@[N3+COMP]
<OWNER|BUYER|AGENT|BUILDER|PROJECTOR|WINNER>/<O2>/UK&!O&!ALNUM/*ORG&Zn/<!O5>=@[N2+COMP]

%COMPANY-NEW
COMPANY|COMP/*COMP=@[COMP]

%PRE2
S/*L1=@[VOLUME]
S/*L2=@[VOLTAGE]
S/*L&MONEY=@[MONEY]
S/*L=N1 N2[N2 UNIT]
<O2>/ALNUM/UK/(UK&!O2)/*ALNUM=@[ALNUM]
VOLTAGE/COUNTY|TOWN/*MOP=N2 N1 N3
VOLTAGE/C/VOLTAGE/*MOP/<!SUFFIX>=N1 N4 N2 N3 N4
MOP/C|O3/*MOP/SUFFIX=N1 N4 N2 N3 N4
S/O3/S/*PERIOD=N1 N3 N4
采购|PROJECT/*PROJECT=@[N2]

%PERIOD
(A|B|D|E|F|G|S)/*PERIOD=@[PTIME]

%MOP
(VOLTAGE)/(PREFIX)/MOP&!MOP_1&!PNAME/MOP&!MOP_1&!PNAME/*MOP&!MOP_1&!SUFFIX&!PROJECT/(SUFFIX)=@[N5+V1]
(VOLTAGE)/(PREFIX)/MOP&!MOP_1&!PNAME/*MOP&!MOP_1&!SUFFIX&!PROJECT/(SUFFIX)=@[N4+V1]
(VOLTAGE)/(PREFIX)/*MOP&!MOP_1&!SUFFIX&!PROJECT/(SUFFIX)=@[N3+V1]
(VOLUME)/(PREFIX)/MOP&!MOP_1&!PNAME/MOP&!MOP_1&!PNAME/*MOP&!MOP_1&!SUFFIX&!PROJECT/(SUFFIX)=@[N5+P1]
(VOLUME)/(PREFIX)/MOP&!MOP_1&!PNAME/*MOP&!MOP_1&!SUFFIX&!PROJECT/(SUFFIX)=@[N4+P1]
(VOLUME)/(PREFIX)/*MOP&!MOP_1&!SUFFIX&!PROJECT/(SUFFIX)=@[N3+P1]

%SPFN1
*TOWN&FW|PRNE/<PNAME|PTIME|VOLUME>=@[N1+SPFN]
*NIL&FW/TOWN/<PNAME|PTIME|VOLUME>=@[SPFN]
<CABBR|COMPANY|PROVINCE|CITY|COUNTY|INDUSTRY|VOLTAGE|C|O3>/NIL/*NIL/<O3>/<SPFN>=@[SPNF]
<CABBR|COMPANY|PROVINCE|CITY|COUNTY|INDUSTRY|VOLTAGE|C|O3>/*TOWN/<O5>/<PTIME|VOLUME>/<O5>/<PNAME|INDUSTRY|PROJECT>=@[N1+SPFN]
<CABBR|COMPANY|PROVINCE|CITY|COUNTY|INDUSTRY|VOLTAGE|C|O3>/*TOWN/<PNAME|PTIME|VOLUME|INDUSTRY|PROJECT>=@[N1+SPFN]
<CABBR|COMPANY|PROVINCE|CITY|COUNTY|INDUSTRY|VOLTAGE|C|O3>/TOWN|NIL/NIL/NIL/NIL/*NIL|ALNUM/<O5>/<PTIME|VOLUME>/<O5>/<PNAME|INDUSTRY|PROJECT>=@[SPFN]
<CABBR|COMPANY|PROVINCE|CITY|COUNTY|INDUSTRY|VOLTAGE|C|O3>/TOWN|NIL/NIL/NIL/NIL/*NIL|ALNUM/<PNAME|PTIME|VOLUME|INDUSTRY|PROJECT>=@[SPFN]
<CABBR|COMPANY|PROVINCE|CITY|COUNTY|INDUSTRY|VOLTAGE|C|O3>/TOWN|NIL/NIL/NIL/*NIL|ALNUM/<O5>/<PTIME|VOLUME>/<O5>/<PNAME|INDUSTRY|PROJECT>=@[SPFN]
<CABBR|COMPANY|PROVINCE|CITY|COUNTY|INDUSTRY|VOLTAGE|C|O3>/TOWN|NIL/NIL/NIL/*NIL|ALNUM/<PNAME|PTIME|VOLUME|INDUSTRY|PROJECT>=@[SPFN]
<CABBR|COMPANY|PROVINCE|CITY|COUNTY|INDUSTRY|VOLTAGE|C|O3>/TOWN|NIL/NIL/*NIL|ALNUM/<O5>/<PTIME|VOLUME>/<O5>/<PNAME|INDUSTRY|PROJECT>=@[SPFN]
<CABBR|COMPANY|PROVINCE|CITY|COUNTY|INDUSTRY|VOLTAGE|C|O3>/TOWN|NIL/NIL/*NIL|ALNUM/<PNAME|PTIME|VOLUME|INDUSTRY|PROJECT>=@[SPFN]
<CABBR|COMPANY|PROVINCE|CITY|COUNTY|INDUSTRY|VOLTAGE|C|O3>/TOWN|NIL/*NIL|ALNUM/<O5>/<PTIME|VOLUME>/<O5>/<PNAME|INDUSTRY|PROJECT>=@[SPFN]
<CABBR|COMPANY|PROVINCE|CITY|COUNTY|INDUSTRY|VOLTAGE|C|O3>/TOWN|NIL/*NIL|ALNUM/<PNAME|PTIME|VOLUME|INDUSTRY|PROJECT>=@[SPFN]
<CABBR|COMPANY|PROVINCE|CITY|COUNTY|INDUSTRY|VOLTAGE|C|O3>/NIL/NIL/*TOWN/<PNAME|PTIME|VOLUME|INDUSTRY|PROJECT>=@[SPFN]
<CABBR|COMPANY|PROVINCE|CITY|COUNTY|INDUSTRY|VOLTAGE|C|O3>/NIL/*TOWN/<PNAME|PTIME|VOLUME|INDUSTRY|PROJECT>=@[SPFN]
<COUNTY>/CITY|COUNTY/*NIL/<PNAME|PTIME|VOLUME|INDUSTRY|PROJECT>=@[SPFN]
<COUNTY>/*CITY|COUNTY/<PNAME|PTIME|VOLUME|INDUSTRY|PROJECT>=@[SPFN]

%SPFN2
*PRNE/<PNAME|PTIME|VOLUME>=@[N1+SPFN]
<CABBR|COMPANY|PROVINCE|CITY|COUNTY|INDUSTRY|VOLTAGE|O>/*TOWN/<PNAME|PTIME|VOLUME|PROJECT>=@[N1+SPFN]
<CABBR|COMPANY|PROVINCE|CITY|COUNTY|O3>/TOWN|NIL/NIL/NIL/NIL/*NIL/<PNAME|PTIME|VOLUME>=@[SPFN]
<CABBR|COMPANY|PROVINCE|CITY|COUNTY|O3>/TOWN|NIL/NIL/NIL/*NIL/<PNAME|PTIME|VOLUME>=@[SPFN]
<CABBR|COMPANY|PROVINCE|CITY|COUNTY|O3>/TOWN|NIL/NIL/*NIL/<PNAME|PTIME|VOLUME>=@[SPFN]
<CABBR|COMPANY|PROVINCE|CITY|COUNTY|O3>/TOWN|NIL/*NIL/<PNAME|PTIME|VOLUME>=@[SPFN]
<CABBR|COMPANY|PROVINCE|CITY|COUNTY|O3>/NIL/NIL/*TOWN/<PNAME|PTIME|VOLUME>=@[SPFN]
<CABBR|COMPANY|PROVINCE|CITY|COUNTY|O3>/NIL/*TOWN/<PNAME|PTIME|VOLUME>=@[SPFN]

%ROLE
~判断公司名是业主还是代理
*ORG&ZN/V5BD/COMPANY=N1[Approver+N1] N2 N3[Owner+N3]
*ORG&ZN/P/APPNUM=N1[Approver+N1] N2 N3
APPROVER/V5BD/*COMPANY=N1 N2 N3[Owner+N3]
V5BD/*COMPANY=N1 N2[Agent+N2]
COMPANY/P/*COMPANY/O3|C/COMPANY/(Z)/V5BD=N1[N1+Agent] N2 N3[N3+Buyer] N4 N5[N5+Buyer] N6 N7
COMPANY/P/*COMPANY/(Z)/V5BD=N1[N1+Agent] N2 N3[N3+Buyer] N4 N5
P/*COMPANY/V/STYPE=N1 N2[N2+Owner] N3 N4
*COMPANY/V5BD=N1[N1+Buyer] N2
*COMPANY/P/PROVINCE/(CITY)/COUNTY=N1[N1+Buyer] N2 N3 N4 N5
// <招标单位>/就/XX省/XX市/XX县
*COMPANY/P/OWNER|BUYER/(Z)/V5BD=N1[N1+Agent] N2 N3 N4 N5
*COMPANY/P/V3A|V3C=N1[N1+Owner] N2 N3
*COMPANY/O5/P/SYMBOL/(O)/BUYER=N1[N1+Buyer] N2 N3 N4 N5 N6
*COMPANY/O5/P/SYMBOL/(O)/AGENT=N1[N1+Agent] N2 N3 N4 N5 N6
*COMPANY/O5/AGENT=N1[N1+Agent] N2 N3
P/*COMPANY/O3|C/COMPANY/(Z)/V5BD=N1 N2[Buyer+N2] N3 N4[Buyer+N4] N5 N6
P/*COMPANY/(Z)/V5BD=N1 N2[Buyer+N2] N3 N4
P/*COMPANY/O5/BUYER=N1 N2[Buyer+N2] N3 N4
COMPANY/V5BD/*COMPANY=N1[Buyer+N1] N2 N3[Agent+N3]
*COMPANY/CITY|COUNTY|TOWN/VOLUME|PTIME=N1[Buyer+N1] N2 N3
~~~~~~~~~~~~~~~~~~~~~~~~~~~~~~~~~~~~~~~~~~~~~~~~~~~~~~~~~~~~~~~~~~~~~~~~~~~~
OWNER/C/PHONE/N/N/*COMPANY=N1 N2 N3 N4 N5 N6[N6+Owner]
OWNER|BUYER/O5/OWNER|BUYER/O5/O2|V1/*COMPANY=N1 N2 N3 N4 N5 N6[N6+Owner+Buyer]
OWNER|POS_CH01/(O2|O5|V1)/(O2|O5|V1)/COMPANY/O3|C/*COMPANY=N1 N2 N3 N4[Owner+N4]+N5+N6[Buyer+N6]
OWNER/(O2|O5|V1)/(O2|O5|V1)/*COMPANY=N1 N2 N3 N4[Owner+N4]
*COMPANY/O5|V1/OWNER=N1[N1+Owner] N2 N3
BUYER/(O5)/N/(O5)/(O2)/*COMPANY=N1 N2 N3 N4 N5 N6[Buyer+N6]
BUYER|POS_CH01/(O2|O5|V1)/(O2|O5|V1)/COMPANY/O3|C/*COMPANY=N1 N2 N3 N4[Buyer+N4] N5 N6[Buyer+N6]
BUYER|POS_CH01/(O2|O5|V1)/(O2|O5|V1)/*COMPANY=N1 N2 N3 N4[Buyer+N4]
*COMPANY/O3|C/COMPANY/O5|V1/BUYER=N1[N1+Buyer] N2 N3[N3+Buyer] N4 N5
*COMPANY/O5|V1/BUYER=N1[N1+Buyer] N2 N3
PROJECTOR/(O2|O5|V1)/*COMPANY=N1 N2 N3[Projor+N3]
*COMPANY/O5|V1/PROJECTOR=N1[N1+Projor] N2 N3
AGENT/(O2|O5|V1)/*COMPANY=N1 N2 N3[Agent+N3]
*COMPANY/O5|V1/AGENT=N1[N1+Agent] N2 N3
WINNER/(O2|O5|V1)/*COMPANY=N1 N2 N3[Winner+N3]
*COMPANY/O5|V1/WINNER=N1[N1 Winner] N2 N3
BUILDER/(O2|O5|V1)/*COMPANY=N1 N2 N3[Builder+N3]
*COMPANY/O5|V1/BUILDER=N1[N1+Builder] N2 N3
~~~~~~~~~~~~~~~~~~~~~~~~~~~~~~~~~~~~~~~~~~~~~~~~~~~~~~~~~~~~~~~~~~~~~~~~~~~~
TIME1/(O2|V1)/DATE/(起)/至|到|～|-|－/*DATE=N1 N2 N3[TIME_1] N4 N5 N6[TIME_2]
TIME1/(O2|V1)/*DATE=N1 N2 N3[TIME_1]
TIME2/(O2|V1)/*DATE=N1 N2 N3[TIME_2]
TIME3/(O2|V1)/*DATE=N1 N2 N3[TIME_3]
TIME4/(O2|V1)/DATE/(起)/至|到|～|-|－/*DATE=N1 N2 N3[TIME_4] N4 N5 N6[TIME_5]
TIME4/(O2|V1)/*DATE=N1 N2 N3[TIME_4]
TIME5/(O2|V1)/*DATE=N1 N2 N3[TIME_5]
TIME5/C|O/TIME6/O2|V1/*DATE=N1 N2 N3 N4 N5[TIME_5+TIME_6]
TIME5/O5/TIME6/O5/O2|V1/*DATE=N1 N2 N3 N4 N5 N6[TIME_5+TIME_6]
TIME5/C/ADDR/O2|V1/*DATE=N1 N2 N3 N4 N5[TIME_5]
TIME6/(O2|V1)/*DATE=N1 N2 N3[TIME_6]
WINNER/(D|MD)/P/*DATE=N1 N2 N3 N4[TIME_7]
TIME7/(O2|V1)/(P)/*DATE=N1 N2 N3 N4[TIME_7]
~~~~~~~~~~~~~~~~~~~~~~~~~~~~~~~~~~~~~~~~~~~~~~~~~~~~~~~~~~~~~~~~~~~~~~~~~~~~
SCALE/(O2|V1)/*VOLUME=N1 N2 N3[PSCALE]
INVEST/(O2|V1)/*MONEY=N1 N2 N3[INVST]
BPRICE/(O2|V1)/*MONEY=N1 N2 N3[BIDPRICE]
BCODE/O2|V1/*ALNUM=N1 N2 N3[BIDCODE]
*CONTACT|BUYER|AGENT/(O2|V1)/XM/(O2|O3)/XM=N1 N2 N3[CONTACTNAME] N4 N5[CONTACTNAME]
*CONTACT|BUYER|AGENT/(O2|V1)/XM=N1 N2 N3[CONTACTNAME]
*PHONE/(O2|V1)/ALNUM|S=N1 N2 N3[PHONENUM]
PHONE/O/*FAX/(O2|V1)/ALNUM|S=N1 N2 N3 N4 N5[PHONENUM+FAXNUM]
*FAX/(O2|V1)/ALNUM|S=N1 N2 N3[FAXNUM]
~~~~~~~~~~~~~~~~~~~~~~~~~~~~~~~~~~~~~~~~~~~~~~~~~~~~~~~~~~~~~~~~~~~~~~~~~~~~
PADDR|PROJECT|PNAME/O2|V1|V3C/PROVINCE/(O5)/CITY/(O5)/*COUNTY=N1 N2 N3[N3+P_PROVINCE] N4 N5[N5+P_CITY] N6 N7[N7+P_COUNTY]
PADDR|PROJECT|PNAME/O2|V1|V3C/PROVINCE/*CITY=N1 N2 N3[N3+P_PROVINCE] N4[N4+P_CITY]
PADDR|PROJECT|PNAME/O2|V1|V3C/PROVINCE/*COUNTY=N1 N2 N3[N3+P_PROVINCE] N4[N4+P_COUNTY]
PADDR|PROJECT|PNAME/O2|V1|V3C/CITY/*COUNTY=N1 N2 N3[N3+P_CITY] N4[N4+P_COUNTY]
PADDR|PROJECT|PNAME/O2|V1|V3C/*PROVINCE=N1 N2 N3[N3+P_PROVINCE]
PADDR|PROJECT|PNAME/O2|V1|V3C/*CITY=N1 N2 N3[N3+P_CITY]
PADDR|PROJECT|PNAME/O2|V1|V3C/*COUNTY=N1 N2 N3[N3+P_COUNTY]
PADDR|PROJECT|PNAME/O2|V1|V3C/*TOWN=N1 N2 N3[N3+P_TOWN]
PROVINCE/CITY/COUNTY/*TOWN/<SPFN>=N1[N1+P_PROVINCE] N2[N2+P_CITY] N3[N3+P_COUNTY] N4[N4+P_TOWN]
PROVINCE/CITY/*COUNTY/<SPFN>=N1[N1+P_PROVINCE] N2[N2+P_CITY] N3[N3+P_COUNTY]
PROVINCE/*CITY/<SPFN>=N1[N1+P_PROVINCE] N2[N2+P_CITY]
PROVINCE/*COUNTY/<SPFN>=N1[N1+P_PROVINCE] N2[N2+P_COUNTY]
*PROVINCE/<SPFN>=N1[N1+P_PROVINCE]
CITY/COUNTY/*TOWN/<SPFN>=N1[N1+P_CITY] N2[N2+P_COUNTY] N3[N3+P_TOWN]
CITY/*COUNTY/<SPFN>=N1[N1+P_CITY] N2[N2+P_COUNTY]
*CITY/<SPFN>=N1[N1+P_CITY]
*COUNTY/<SPFN>=N1[N1+P_COUNTY]
*TOWN/<SPFN>=N1[N1+P_TOWN]

%PRON
~项目名称和设备数量的识别
S/L/VOLUME/(Z)/*MOP=N1 N2 N3 N4 N5[N5+S1+U2]
S/L/*MOP=N1 N2 N3[N3+S1+U2]
*MOP/S/L=N1[N1+S2+U3] N2 N3

%RELATION
~关系抽取
MOP/O3/MOP/O3/MOP/C/MOP/*MOP_1=N1[N1+R8] N2 N3[N3+R8] N4 N5[N5+R8] N6 N7[N7+R8] N8
MOP/O/MOP/C/MOP/*MOP_1=N1[N1+R6] N2 N3[N3+R6] N4 N5[N5+R6] N6
MOP/C/MOP/(PROJECT)/*MOP_1=N1[N1+R5] N2 N3[N3+R5] N4 N5
MOP/C/SUFFIX/*MOP_1=N1[N1+R4] N2 N3 N4
MOP/(Z)/*MOP_1=N1[N1+R3] N2 N3

